{
  "version": "1.4.4",
  "plugins_version": {
    "AbsorbedNoneType": 0,
    "BasicAuthDetector": 0,
    "CloudantDetector": 0,
    "DiscordBotTokenDetector": 0,
    "GitHubTokenDetector": 0,
    "HexHighEntropyString": 0,
    "IbmCloudIamDetector": 0,
    "IbmCosHmacDetector": 0,
    "JwtTokenDetector": 0,
    "KeywordDetector": 0,
    "MailchimpDetector": 0,
    "NpmDetector": 0,
    "PrivateKeyDetector": 0,
    "SendGridDetector": 0,
    "SlackDetector": 0,
    "SoftlayerDetector": 0,
    "SquareOAuthDetector": 0,
    "StripeDetector": 0,
    "TwilioKeyDetector": 0
  },
  "filters": {
    "allowlist": {
      "file": null,
      "hashes": null
    },
    "wordlist": {
      "file": null
    }
  },
  "results": {},
  "generated_at": "2026-06-17T21:00:00Z"
}
